---
source: tests/snapshots.rs
expression: chunks
---
- "# Headers\n\n"
- "```\n"
- "# h1 Heading 8-)\n## h2 Heading\n"
- "## h2 Heading\n### h3 Heading\n"
- "### h3 Heading\n#### h4 Heading\n"
- "##### h5 Heading\n"
- "###### h6 Heading\n\n"
- "Alternatively, for H1 and H2, an"
- " H1 and H2, an underline-ish "
- " underline-ish style:\n\nAlt-H1\n"
- "\nAlt-H1\n======\n\nAlt-H2\n------\n"
- "\nAlt-H2\n------\n```\n\n"
- "# h1 Heading 8-)\n"
- "## h2 Heading\n"
- "### h3 Heading\n"
- "#### h4 Heading\n"
- "##### h5 Heading\n"
- "###### h6 Heading\n\n"
- "Alternatively, for H1 and H2, an"
- " H1 and H2, an underline-ish "
- " underline-ish style:\n\n"
- "Alt-H1\n======\n\n"
- "Alt-H2\n------\n\n------\n\n"
- "# Emphasis\n\n"
- "```\n"
- "Emphasis, aka italics, with *"
- " italics, with *asterisks* or "
- " *asterisks* or _underscores_.\n\n"
- "Strong emphasis, aka bold, with "
- " aka bold, with **asterisks** or"
- "**asterisks** or __underscores__"
- " __underscores__.\n\n"
- Combined emphasis with **
- "emphasis with **asterisks and "
- "**asterisks and _underscores_**."
- "_underscores_**.\n\n"
- "\nStrikethrough uses two tildes. "
- "~~Scratch this.~~\n\n"
- "~~\n\n**This is bold text**\n\n"
- "\n__This is bold text__\n\n"
- "\n*This is italic text*\n\n"
- "\n_This is italic text_\n\n"
- "\n~~Strikethrough~~\n```\n\n"
- "Emphasis, aka italics, with "
- "*asterisks* or _underscores_.\n\n"
- "Strong emphasis, aka bold, with "
- "**asterisks** or __underscores__"
- "__underscores__.\n\n"
- "Combined emphasis with "
- "**asterisks and _underscores_**."
- ".\n\n"
- "Strikethrough uses two tildes. "
- "~~Scratch this.~~\n\n"
- "**This is bold text**\n"
- "\n__This is bold text__\n"
- "\n*This is italic text*\n"
- "\n_This is italic text_\n"
- "\n~~Strikethrough~~\n\n------\n\n"
- "# Lists\n\n"
- "```\n"
- "1. First ordered list item\n2. "
- "2. Another item\n"
- "⋅⋅* Unordered sub-list.\n1. "
- "Actual numbers don't matter, "
- " don't matter, just that it's a "
- " that it's a number\n⋅⋅1. "
- "⋅⋅1. Ordered sub-list\n4. "
- "4. And another item.\n\n"
- "⋅⋅⋅You can have properly "
- " have properly indented "
- " indented paragraphs within list"
- " within list items. "
- "Notice the blank line above, and"
- " line above, and the leading "
- and the leading spaces (at least
- "spaces (at least one, but we'll "
- " one, but we'll use three here "
- " use three here to also align "
- " to also align the raw Markdown)"
- " raw Markdown).\n\n"
- "⋅⋅⋅To have a line break without "
- " break without a paragraph, you "
- " paragraph, you will need to use"
- "will need to use two trailing "
- " two trailing spaces.⋅⋅\n"
- "⋅⋅⋅Note that this line is "
- " this line is separate, but "
- " separate, but within the same "
- "within the same paragraph.⋅⋅\n"
- "⋅⋅⋅(This is contrary to the "
- contrary to the typical GFM line
- typical GFM line break behaviour
- " break behaviour, where trailing"
- ", where trailing spaces are not "
- " spaces are not required.)\n\n"
- "* Unordered list can use "
- " list can use asterisks\n"
- "- Or minuses\n+ Or pluses\n\n1. "
- "+ Or pluses\n\n1. Make my changes\n"
- "Make my changes\n    1. Fix bug\n"
- "    1. Fix bug\n    2. "
- "    2. Improve formatting\n"
- "        - Make the headings "
- " the headings bigger\n2. "
- "2. Push my commits to GitHub\n3. "
- "3. Open a pull request\n"
- "    * Describe my changes\n"
- "    * Mention all the members of"
- " the members of my team\n"
- "        * Ask for feedback\n\n"
- "+ Create a list by starting a "
- " by starting a line with `+`, `-"
- " with `+`, `-`, or `*`\n"
- "+ Sub-lists are made by "
- " are made by indenting 2 spaces:"
- " 2 spaces:\n"
- "  - Marker character change "
- " change forces new list start:\n"
- "    * Ac tristique libero "
- " libero volutpat at\n"
- "    + Facilisis in pretium nisl "
- "in pretium nisl aliquet\n"
- "    - Nulla volutpat aliquam "
- " aliquam velit\n+ Very easy!\n```\n"
- "```\n\n1. First ordered list item\n"
- "2. Another item\n⋅⋅*"
- "\n⋅⋅* Unordered sub-list.\n"
- "1. Actual numbers don'"
- "'t matter, just that it'"
- "'s a number\n"
- "s a number\n⋅⋅1. Ordered sub-list"
- "\n4. And another item.\n\n"
- "⋅⋅⋅You can have properly "
- " have properly indented "
- " indented paragraphs within list"
- " within list items. "
- "Notice the blank line above, and"
- " line above, and the leading "
- and the leading spaces (at least
- "spaces (at least one, but we'"
- "ll use three here to also align "
- " to also align the raw Markdown)"
- " raw Markdown).\n\n"
- "⋅⋅⋅To have a line break without "
- " break without a paragraph, you "
- " paragraph, you will need to use"
- "will need to use two trailing "
- " two trailing spaces.⋅⋅\n"
- "⋅⋅⋅Note that this line is "
- " this line is separate, but "
- " separate, but within the same "
- "within the same paragraph.⋅⋅\n"
- "⋅⋅⋅(This is contrary to the "
- contrary to the typical GFM line
- typical GFM line break behaviour
- " break behaviour, where trailing"
- ", where trailing spaces are not "
- " spaces are not required.)\n\n"
- "* "
- Unordered list can use asterisks
- "\n- Or minuses\n+ Or pluses\n\n"
- 1. Make my changes
- "Make my changes\n   "
- " 1. Fix bug\n"
- "    2. Improve formatting"
- "\n        - "
- "Make the headings bigger\n"
- "2. Push my commits to GitHub\n"
- 3. Open a pull request
- "\n    * Describe my changes\n"
- "    * "
- "Mention all the members of my "
- " members of my team\n      "
- "  * Ask for feedback\n\n"
- "+ "
- Create a list by starting a line
- " starting a line with `+`, `-`"
- "`+`, `-`, or `*`\n"
- "+ "
- "Sub-lists are made by indenting "
- " by indenting 2 spaces:\n  "
- "- "
- "Marker character change forces "
- " change forces new list start:\n"
- "    * "
- Ac tristique libero volutpat at
- "\n    + "
- "Facilisis in pretium nisl "
- "in pretium nisl aliquet\n    "
- "- Nulla volutpat aliquam velit\n"
- "+ Very easy!\n\n------\n\n"
- "# Task lists\n\n"
- "```\n"
- "- [x] Finish my changes\n"
- "- [ ] Push my commits to GitHub\n"
- "- [ ] Open a pull request\n"
- "- [x] @mentions, #refs, [links]("
- " #refs, [links](), **formatting*"
- "), **formatting**, and <del>tags"
- "*, and <del>tags</del> supported"
- "</del> supported\n"
- "- [x] list syntax required (any "
- " required (any unordered or "
- " unordered or ordered list "
- "or ordered list supported)\n"
- "- [x] this is a complete item\n"
- "- [ ] this is an incomplete item"
- " incomplete item\n```\n\n"
- "- [x] Finish my changes\n"
- "- [ ] Push my commits to GitHub\n"
- "- [ ] Open a pull request\n"
- "- [x] @mentions, #refs, "
- "[links](), **formatting**, and "
- ", and <del>tags</del> supported\n"
- "- [x] "
- "list syntax required (any "
- " required (any unordered or "
- " unordered or ordered list "
- "or ordered list supported)\n"
- "- [ ] this is a complete item\n"
- "- [ ] this is an incomplete item"
- "\n\n------\n\n"
- "# Ignoring Markdown formatting\n\n"
- You can tell GitHub to ignore (
- " to ignore (or escape) Markdown "
- ") Markdown formatting by using \\"
- " by using \\ before the Markdown "
- " the Markdown character.\n\n"
- "```\n"
- "Let's rename \\*our-new-project\\*"
- "-new-project\\* to \\*our-old-"
- "\\* to \\*our-old-project\\*.\n```\n\n"
- "Let's rename \\*our-new-project\\"
- "\\* to \\*our-old-project\\*.\n\n"
- "------\n\n"
- "# Links\n\n"
- "```\n"
- "[I'm an inline-style link](https"
- " link](https://www.google.com)\n\n"
- "[I'm an inline-style link with "
- "style link with title](https://"
- " title](https://www.google.com \""
- "www.google.com \"Google's "
- " \"Google's Homepage\")\n\n"
- "[I'm a reference-style link]["
- "-style link][Arbitrary case-"
- "[Arbitrary case-insensitive "
- "-insensitive reference text]\n\n"
- "[I'm a relative reference to a "
- " reference to a repository file]"
- "repository file](../blob/master/"
- "(../blob/master/LICENSE)\n\n"
- "[You can use numbers for "
- "use numbers for reference-style "
- reference-style link definitions
- "link definitions][1]\n\n"
- "Or leave it empty and use the ["
- " and use the [link text itself]."
- " text itself].\n\n"
- "URLs and URLs in angle brackets "
- " angle brackets will "
- " brackets will automatically get"
- " get turned into links.\n"
- "http://www.example.com or <http:"
- " or <http://www.example.com> and"
- "> and sometimes\n"
- "example.com (but not on Github, "
- " not on Github, for example).\n\n"
- "Some text to show that the "
- " show that the reference links "
- reference links can follow later
- "can follow later.\n\n"
- "[arbitrary case-insensitive "
- "-insensitive reference text]: "
- " text]: https://www.mozilla.org\n"
- "[1]: http://slashdot.org\n"
- "[link text itself]: http://"
- "itself]: http://www.reddit.com\n"
- "```\n\n"
- "[I'm an inline-style link](https"
- " link](https://www.google.com)\n\n"
- "[I'm an inline-style link with "
- "style link with title](https://"
- " title](https://www.google.com \""
- "www.google.com \"Google's "
- " \"Google's Homepage\")\n\n"
- "[I'm a reference-style link]["
- "-style link][Arbitrary case-"
- "[Arbitrary case-insensitive "
- "-insensitive reference text]\n\n"
- "[I'm a relative reference to a "
- " reference to a repository file]"
- "repository file](../blob/master/"
- "(../blob/master/LICENSE)\n\n"
- "[You can use numbers for "
- "use numbers for reference-style "
- reference-style link definitions
- "link definitions][1]\n\n"
- "Or leave it empty and use the "
- "[link text itself].\n\n"
- "URLs and URLs in angle brackets "
- " angle brackets will "
- " brackets will automatically get"
- " get turned into links.\n"
- "http://www.example.com or "
- "<http://www.example.com>"
- " and sometimes\n"
- "example.com (but not on Github, "
- " not on Github, for example).\n\n"
- "Some text to show that the "
- " show that the reference links "
- reference links can follow later
- "can follow later.\n\n"
- "[arbitrary case-insensitive "
- "-insensitive reference text]: "
- " text]: https://www.mozilla.org\n"
- "[1]: http://slashdot.org\n"
- "[link text itself]: http://"
- "itself]: http://www.reddit.com\n\n"
- "------\n\n"
- "# Images\n\n"
- "```\n"
- "Here's our logo (hover to see "
- " (hover to see the title text):\n"
- "\nInline-style:\n!["
- "alt text](https://github.com/"
- "://github.com/adam-p/markdown-"
- adam-p/markdown-here/raw/master/
- here/raw/master/src/common/
- "/src/common/images/icon48.png \""
- "/icon48.png \"Logo Title Text 1\")"
- " Title Text 1\")\n\n"
- "\nReference-style:\n!["
- "![alt text][logo]\n\n"
- "[logo]: https://github.com/adam-"
- github.com/adam-p/markdown-here/
- p/markdown-here/raw/master/src/
- /raw/master/src/common/images/
- "/common/images/icon48.png \"Logo "
- ".png \"Logo Title Text 2\"\n\n!["
- "Minion](https://"
- "](https://octodex.github.com/"
- "/images/minion.png)\n!["
- "Stormtroopocat](https://"
- "](https://octodex.github.com/"
- "/images/stormtroopocat.jpg \"The "
- " \"The Stormtroopocat\")\n\n"
- "Like links, Images also have a "
- " also have a footnote style "
- " footnote style syntax\n\n!["
- "\n![Alt text][id]\n\n"
- "With a reference later in the "
- " later in the document defining "
- " defining the URL location:\n\n"
- "[id]: https://octodex.github.com"
- "/images/dojocat.jpg  \"The "
- "  \"The Dojocat\"\n```\n\n"
- "Here'"
- "s our logo (hover to see the "
- " to see the title text):\n\n"
- "Inline-style:\n"
- "!["
- alt text
- "](https://github.com/adam-p/"
- /adam-p/markdown-here/raw/master
- "-here/raw/master/src/common/"
- "/src/common/images/icon48.png \""
- "/icon48.png \"Logo Title Text 1\")"
- " Title Text 1\")\n\n"
- "Reference-style:\n"
- "\n![alt text][logo]"
- "\n\n"
- "[logo]: https://github.com/adam-"
- github.com/adam-p/markdown-here/
- p/markdown-here/raw/master/src/
- /raw/master/src/common/images/
- "/common/images/icon48.png \"Logo "
- ".png \"Logo Title Text 2\"\n\n"
- "!["
- Minion
- "](https://octodex.github.com/"
- "/images/minion.png)\n"
- "!["
- Stormtroopocat
- "](https://octodex.github.com/"
- "/images/stormtroopocat.jpg \"The "
- " \"The Stormtroopocat\")\n\n"
- "Like links, Images also have a "
- " also have a footnote style "
- " footnote style syntax\n\n"
- "![Alt text][id]\n"
- "\n"
- "With a reference later in the "
- " later in the document defining "
- " defining the URL location:\n\n"
- "[id]: https://octodex.github.com"
- "/images/dojocat.jpg  \"The "
- "  \"The Dojocat\"\n\n------\n\n"
- "# "
- "[Footnotes](https://github.com/"
- "://github.com/markdown-it/"
- /markdown-it/markdown-it-
- "-it/markdown-it-footnote)\n\n"
- "```\n"
- "Footnote 1 link[^first].\n\n"
- "\nFootnote 2 link[^second].\n\n"
- "Inline footnote^[Text of inline "
- "[Text of inline footnote] "
- " footnote] definition.\n\n"
- "Duplicated footnote reference[^"
- " reference[^second].\n\n"
- "[^first]: Footnote **can have "
- " **can have markup**\n\n"
- "\n    and multiple paragraphs.\n\n"
- "\n[^second]: Footnote text.\n```\n\n"
- "Footnote 1 link[^first].\n"
- "\nFootnote 2 link[^second].\n"
- "\nInline footnote^["
- "[Text of inline footnote]"
- "] definition.\n\n"
- Duplicated footnote reference
- "[^second].\n\n"
- "[^first]: Footnote "
- "Footnote **can have markup**\n"
- "\n    and multiple paragraphs.\n"
- "\n[^second]: Footnote text.\n\n"
- "------\n\n"
- "# Code and Syntax Highlighting\n\n"
- "```\n"
- "Inline `code` has `back-ticks "
- "has `back-ticks around` it.\n```\n"
- "```\n\n"
- "Inline `code` has "
- "`code` has `back-ticks around`"
- " it.\n\n"
- "```c#\n"
- "using System.IO.Compression;\n\n"
- "#pragma warning disable 414, "
- " disable 414, 3021\n\n"
- "\nnamespace MyApplication\n{\n"
- "{\n    [Obsolete(\"...\")]\n"
- "    class Program : IInterface\n"
- "    {\n"
- "        public static List<int> "
- " List<int> JustDoIt(int count)\n"
- "        {\n"
- "            Console.WriteLine($\""
- "($\"Hello {Name}!\");\n"
- "            return new List<int>"
- " new List<int>(new int[] { 1, 2,"
- " int[] { 1, 2, 3 })\n        }\n"
- "        }\n    }\n}\n```\n\n"
- "```css\n"
- "@font-face {\n"
- "  font-family: Chunkfive; src: "
- "Chunkfive; src: url('"
- "; src: url('Chunkfive.otf');\n}\n\n"
- "}\n\nbody, .usertext {\n"
- "  color: #F0F0F0; background: #"
- "; background: #600;\n"
- "  font-family: Chunkfive, sans;\n"
- "}\n\n@import url(print.css);\n"
- "@media print {\n"
- "  a[href^=http]::after {\n"
- "    content: attr(href)\n  }\n}\n"
- "  }\n}\n```\n\n"
- "```javascript\n"
- "function $initHighlight(block, "
- "(block, cls) {\n  try {\n"
- "    if (cls.search(/\\bno\\-"
- "(/\\bno\\-highlight\\b/) != -1)\n"
- "      return process(block, true"
- "(block, true, 0x0F) +\n"
- "             ` class=\"${cls}\"`;\n"
- "  } catch (e) {\n"
- "    /* handle exception */\n  }\n"
- "  for (var i = 0 / 2; i < "
- " i = 0 / 2; i < classes.length; "
- "classes.length; i++) {\n"
- "    if (checkCondition(classes[i"
- "(classes[i]) === undefined)\n"
- "      console.log('undefined');\n"
- "  }\n}\n\nexport  $initHighlight;\n"
- "```\n\n"
- "```php\n"
- "require_once 'Zend/Uri/Http.php'"
- "/Uri/Http.php';\n\n"
- "\nnamespace Location\\Web;\n\n"
- "\ninterface Factory\n{\n"
- "    static function _factory();\n"
- "}\n\n"
- "abstract class URI extends "
- " URI extends BaseURI implements "
- " implements Factory\n{\n"
- "{\n    abstract function test();\n"
- "\n    public static $st1 = 1;\n"
- "    const ME = \"Yo\";\n"
- "    var $list = NULL;\n"
- "    private $var;\n\n    /**\n"
- "\n    /**\n     * Returns a URI\n"
- "     *\n     * @return URI\n"
- "     */\n"
- "    static public function "
- "public function _factory($stats "
- "_factory($stats = array(), $uri "
- "= array(), $uri = 'http')\n    {\n"
- "    {\n        echo __METHOD__;\n"
- "        $uri = explode(':', $uri"
- "(':', $uri, 0b10);\n"
- "        $schemeSpecific = isset("
- " = isset($uri[1]) ? "
- "$uri[1] : '';\n"
- "        $desc = 'Multi\n"
- "line description';\n\n"
- "\n        // Security check\n"
- "        if (!"
- "ctype_alnum($scheme)) {\n"
- "            throw new "
- "throw new Zend_Uri_Exception('"
- "('Illegal scheme');\n        }\n\n"
- "        $this->var = 0 - self::$"
- " = 0 - self::$st;\n"
- "        $this->list = list(Array"
- " = list(Array(\"1\"=> 2, 2=>self::"
- "\"=> 2, 2=>self::ME, 3 => \\"
- "self::ME, 3 => \\Location\\Web\\URI"
- "Location\\Web\\URI::class));\n\n"
- "\n        return [\n"
- "            'uri'   => $uri,\n"
- "            'value' => null,\n"
- "        ];\n    }\n}\n\n"
- "    }\n}\n\necho URI::ME . "
- "\necho URI::ME . URI::$st1;\n\n"
- "\n__halt_compiler () ; datahere\n"
- "datahere\ndatahere */\ndatahere\n"
- "datahere\n```\n\n------\n\n"
- "# Tables\n\n"
- "```\n"
- "Colons can be used to align "
- " used to align columns.\n\n"
- "| Tables        | Are           "
- "| Are           | Cool  |\n"
- "| ------------- |:-------------:"
- "|:-------------:| -----:|\n"
- "| col 3 is      | right-aligned "
- "| right-aligned | $1600 |\n"
- "| col 2 is      | centered      "
- "| centered      |   $12 |\n"
- "| zebra stripes | are neat      "
- "| are neat      |    $1 |\n\n"
- "There must be at least 3 dashes "
- " least 3 dashes separating each "
- "separating each header cell.\n"
- The outer pipes (|) are optional
- "(|) are optional, and you don't "
- ", and you don't need to make the"
- "need to make the\n"
- "raw Markdown line up prettily. "
- You can also use inline Markdown
- " inline Markdown.\n\n"
- "\nMarkdown | Less | Pretty\n"
- "--- | --- | ---\n"
- "*Still* | `renders` | **nicely**"
- "` | **nicely**\n1 | 2 | 3\n\n"
- "| First Header  | Second Header "
- "| Second Header |\n"
- "| ------------- | ------------- "
- "| ------------- |\n"
- "| Content Cell  | Content Cell  "
- "| Content Cell  |\n"
- "| Content Cell  | Content Cell  "
- "| Content Cell  |\n\n"
- "\n| Command | Description |\n"
- "| --- | --- |\n"
- "| git status | List all new or "
- List all new or modified files |
- "modified files |\n"
- "| git diff | Show file "
- " | Show file differences that "
- " that haven't been staged |\n\n"
- "\n| Command | Description |\n"
- "| --- | --- |\n"
- "| `git status` | List all *new "
- "| List all *new or modified* "
- " or modified* files |\n"
- "| `git diff` | Show file "
- "` | Show file differences that *"
- " that **haven't been** staged |\n"
- "\n"
- "| Left-aligned | Center-aligned "
- " Center-aligned | Right-aligned "
- "| Right-aligned |\n"
- "| :---         |     :---:      "
- "     :---:      |          ---: "
- "|          ---: |\n"
- "| git status   | git status     "
- " git status     | git status    "
- "| git status    |\n"
- "| git diff     | git diff       "
- " git diff       | git diff      "
- "| git diff      |\n\n"
- "\n| Name     | Character |\n"
- "| ---      | ---       |\n"
- "| Backtick | `         |\n"
- "| Pipe     | \\|        |\n```\n\n"
- "Colons can be used to align "
- " used to align columns.\n\n"
- "| Tables        | Are           "
- "| Are           | Cool  "
- "|\n"
- "| ------------- |:-------------:"
- "|:-------------:| -----:|\n"
- "| col 3 is      | right-aligned "
- "| right-aligned | $1600 |\n"
- "| col 2 is      | centered      "
- "| centered      |   $12 |\n"
- "| zebra stripes | are neat      "
- "| are neat      |    $1 |\n\n"
- "There must be at least 3 dashes "
- " least 3 dashes separating each "
- "separating each header cell.\n"
- The outer pipes (|) are optional
- "(|) are optional, and you don'"
- "'t need to make the\n"
- "raw Markdown line up prettily. "
- You can also use inline Markdown
- " inline Markdown.\n\n"
- "Markdown | Less | Pretty\n"
- "--- | --- | ---\n"
- "*Still* | `renders` | **nicely**"
- "| **nicely**\n1 | 2 | 3\n"
- "\n| First Header  |"
- " First Header  | Second Header "
- "|\n"
- "| ------------- | ------------- "
- "| ------------- |\n"
- "| Content Cell  | Content Cell  "
- "| Content Cell  |\n"
- "| Content Cell  | Content Cell  "
- "| Content Cell  |\n\n"
- "| Command | Description |\n"
- "| --- | --- |\n"
- "| git status |"
- " List all new or modified files "
- "|\n"
- "| git diff |"
- " Show file differences that "
- " that haven't been staged |\n\n"
- "| Command | Description |\n"
- "| --- | --- |\n"
- "| `git status` |"
- " List all *new or modified* "
- " or modified* files |\n"
- "| `git diff` |"
- " Show file differences that **"
- " that **haven't been** staged"
- " staged |\n\n"
- "| Left-aligned | Center-aligned "
- " Center-aligned | Right-aligned "
- "|\n"
- "| :---         |     :---:      "
- "     :---:      |          ---: "
- "|          ---: |\n"
- "| git status   | git status     "
- " git status     | git status    "
- "| git status    |\n"
- "| git diff     | git diff       "
- " git diff       | git diff      "
- "| git diff      |\n\n"
- "| Name     | Character |\n"
- "| ---      | ---       |\n"
- "| Backtick | `         |\n"
- "| Pipe     | \\|        |\n\n"
- "------\n\n"
- "# Blockquotes\n\n"
- "```\n"
- "> Blockquotes are very handy in "
- " very handy in email to emulate "
- " to emulate reply text.\n"
- "> This line is part of the same "
- " of the same quote.\n\n"
- "\nQuote break.\n\n"
- "> This is a very long line that "
- " long line that will still be "
- " will still be quoted properly "
- "quoted properly when it wraps. "
- "Oh boy let's keep writing to "
- "keep writing to make sure this "
- " make sure this is long enough "
- " is long enough to actually wrap"
- "to actually wrap for everyone. "
- "Oh, you can *put* **Markdown** "
- "* **Markdown** into a blockquote"
- " a blockquote.\n\n"
- "> Blockquotes can also be nested"
- " also be nested...\n"
- ">> ...by using additional "
- " additional greater-than signs "
- "-than signs right next to each "
- " next to each other...\n"
- "> > > ...or with spaces between "
- " spaces between arrows.\n```\n\n"
- "> "
- "Blockquotes are very handy in "
- " very handy in email to emulate "
- " to emulate reply text.\n> "
- "This line is part of the same "
- " of the same quote.\n\n"
- "Quote break.\n"
- "\n> "
- "This is a very long line that "
- " long line that will still be "
- " will still be quoted properly "
- "quoted properly when it wraps. "
- "Oh boy let'"
- s keep writing to make sure this
- " make sure this is long enough "
- " is long enough to actually wrap"
- "to actually wrap for everyone. "
- "Oh, you can *put* **Markdown**"
- " **Markdown** into a blockquote."
- "\n\n> "
- Blockquotes can also be nested
- "...\n>"
- "> ..."
- by using additional greater-than
- " greater-than signs right next "
- " right next to each other..."
- "...\n> > "
- "> ..."
- "or with spaces between arrows.\n\n"
- "------\n\n"
- "# Inline HTML\n\n"
- "```\n"
- "<dl>\n  <dt>Definition list</dt>\n"
- "  <dd>Is something people use "
- " people use sometimes.</dd>\n\n"
- "\n  <dt>Markdown in HTML</dt>\n"
- "  <dd>Does *not* work **very** "
- "* work **very** well. "
- "Use HTML <em>tags</em>.</dd>\n"
- "</dl>\n```\n\n<dl>\n"
- "<dl>\n  <dt>Definition list</dt>\n"
- "  <dd>Is something people use "
- " people use sometimes.</dd>\n\n  "
- "<dt>Markdown in HTML</dt>\n"
- "  <dd>Does *not* work **very** "
- "* work **very** well. "
- "Use HTML <em>tags</em>.</dd>\n"
- "</dl>\n\n------\n\n"
- "# Horizontal Rules\n\n"
- "```\n"
- "Three or more...\n\n---\n\nHyphens\n\n"
- "\n---\n\nHyphens\n\n***\n\nAsterisks\n\n"
- "***\n\nAsterisks\n\n___\n\n"
- "Asterisks\n\n___\n\nUnderscores\n```\n"
- "Underscores\n```\n\n"
- "Three or more...\n\n---\n\nHyphens\n\n"
- "---\n\nHyphens\n\n***\n\nAsterisks\n\n"
- "***\n\nAsterisks\n\n___\n"
- "\nAsterisks\n\n___\n\nUnderscores\n\n"
- "\nUnderscores\n\n------\n\n"
- "# YouTube Videos\n\n"
- "```\n"
- "<a href=\"http://www.youtube.com/"
- www.youtube.com/watch?
- feature=player_embedded&v=
- "&v=YOUTUBE_VIDEO_ID_HERE\" target"
- "\" target=\"_blank\">\n"
- "<img src=\"http://img.youtube.com"
- /img.youtube.com/vi/
- "/vi/YOUTUBE_VIDEO_ID_HERE/0.jpg\""
- "/0.jpg\" alt=\"IMAGE ALT TEXT HERE"
- " ALT TEXT HERE\" width=\"240\" "
- "\" width=\"240\" height=\"180\" "
- "\" height=\"180\" border=\"10\">\n"
- "</a>\n```\n\n"
- "<a href=\"http://www.youtube.com/"
- www.youtube.com/watch?
- feature=player_embedded&v=
- "&v=YOUTUBE_VIDEO_ID_HERE\" target"
- "\" target=\"_blank\">\n"
- "<img src=\"http://img.youtube.com"
- /img.youtube.com/vi/
- "/vi/YOUTUBE_VIDEO_ID_HERE/0.jpg\""
- "/0.jpg\" alt=\"IMAGE ALT TEXT HERE"
- " ALT TEXT HERE\" width=\"240\" "
- "\" width=\"240\" height=\"180\" "
- "\" height=\"180\" border=\"10\">\n"
- "</a>\n"
- "\n```\n"
- "[!["
- "IMAGE ALT TEXT HERE](http://"
- " HERE](http://img.youtube.com/vi"
- /vi/YOUTUBE_VIDEO_ID_HERE/0.jpg)
- "/0.jpg)](http://www.youtube.com/"
- www.youtube.com/watch?
- "v=YOUTUBE_VIDEO_ID_HERE)\n```\n\n"
- "[!["
- IMAGE ALT TEXT HERE
- "](https://upload.wikimedia.org/"
- /wikipedia/commons/thumb/e/ef/
- /thumb/e/ef/YouTube_logo_2015.
- ".svg/1200px-YouTube_logo_2015."
- ".svg.png)](https://"
- ")](https://www.youtube.com/watch"
- "/watch?v=ciawICBvQoE)\n"
