---
source: tests/text_splitter_snapshots.rs
expression: chunks
---
- "# Headers\n\n```\n# h1 Heading 8-)\n## h2 Heading\n### h3 Heading\n#### h4 Heading\n##### h5 Heading\n###### h6 Heading\n\nAlternatively, for H1 and H2, an underline-ish style:\n\nAlt-H1\n======\n\nAlt-H2\n------\n```"
- "# h1 Heading 8-)\n## h2 Heading\n### h3 Heading\n#### h4 Heading\n##### h5 Heading\n###### h6 Heading\n\nAlternatively, for H1 and H2, an underline-ish style:\n\nAlt-H1\n======\n\nAlt-H2\n------\n\n------"
- "# Emphasis"
- "```"
- "Emphasis, aka italics, with *asterisks* or _underscores_.\n\nStrong emphasis, aka bold, with **asterisks** or __underscores__.\n\nCombined emphasis with **asterisks and _underscores_**.\n\nStrikethrough uses two tildes. ~~Scratch this.~~\n\n**This is bold text**"
- "Combined emphasis with **asterisks and _underscores_**.\n\nStrikethrough uses two tildes. ~~Scratch this.~~\n\n**This is bold text**\n\n__This is bold text__\n\n*This is italic text*\n\n_This is italic text_\n\n~~Strikethrough~~\n```"
- "Emphasis, aka italics, with *asterisks* or _underscores_.\n\nStrong emphasis, aka bold, with **asterisks** or __underscores__.\n\nCombined emphasis with **asterisks and _underscores_**.\n\nStrikethrough uses two tildes. ~~Scratch this.~~\n\n**This is bold text**"
- "Combined emphasis with **asterisks and _underscores_**.\n\nStrikethrough uses two tildes. ~~Scratch this.~~\n\n**This is bold text**\n\n__This is bold text__\n\n*This is italic text*\n\n_This is italic text_\n\n~~Strikethrough~~\n\n------"
- "# Lists"
- "```"
- "1. First ordered list item\n2. Another item\n⋅⋅* Unordered sub-list.\n1. Actual numbers don't matter, just that it's a number\n⋅⋅1. Ordered sub-list\n4. And another item.\n\n⋅⋅⋅You can have properly indented paragraphs within list items."
- "⋅⋅1. Ordered sub-list\n4. And another item.\n\n⋅⋅⋅You can have properly indented paragraphs within list items. Notice the blank line above, and the leading spaces (at least one, but we'll use three here to also align the raw Markdown)."
- "Notice the blank line above, and the leading spaces (at least one, but we'll use three here to also align the raw Markdown).\n\n⋅⋅⋅To have a line break without a paragraph, you will need to use two trailing spaces.⋅⋅"
- "⋅⋅⋅To have a line break without a paragraph, you will need to use two trailing spaces.⋅⋅\n⋅⋅⋅Note that this line is separate, but within the same paragraph.⋅⋅"
- "⋅⋅\n⋅⋅⋅Note that this line is separate, but within the same paragraph.⋅⋅\n⋅⋅⋅(This is contrary to the typical GFM line break behaviour, where trailing spaces are not required.)\n\n* Unordered list can use asterisks\n- Or minuses\n+ Or pluses\n\n1. Make my changes"
- "* Unordered list can use asterisks\n- Or minuses\n+ Or pluses\n\n1. Make my changes\n    1. Fix bug\n    2. Improve formatting\n        - Make the headings bigger\n2. Push my commits to GitHub\n3. Open a pull request\n    * Describe my changes"
- "        - Make the headings bigger\n2. Push my commits to GitHub\n3. Open a pull request\n    * Describe my changes\n    * Mention all the members of my team\n        * Ask for feedback\n\n+ Create a list by starting a line with `+`, `-`, or `*`"
- "    * Mention all the members of my team\n        * Ask for feedback\n\n+ Create a list by starting a line with `+`, `-`, or `*`\n+ Sub-lists are made by indenting 2 spaces:\n  - Marker character change forces new list start:"
- "+ Sub-lists are made by indenting 2 spaces:\n  - Marker character change forces new list start:\n    * Ac tristique libero volutpat at\n    + Facilisis in pretium nisl aliquet\n    - Nulla volutpat aliquam velit\n+ Very easy!\n```\n\n1. First ordered list item"
- "1. First ordered list item\n2. Another item\n⋅⋅* Unordered sub-list.\n1. Actual numbers don't matter, just that it's a number\n⋅⋅1. Ordered sub-list\n4. And another item."
- "4. And another item.\n\n⋅⋅⋅You can have properly indented paragraphs within list items. Notice the blank line above, and the leading spaces (at least one, but we'll use three here to also align the raw Markdown)."
- "⋅⋅⋅To have a line break without a paragraph, you will need to use two trailing spaces.⋅⋅\n⋅⋅⋅Note that this line is separate, but within the same paragraph.⋅⋅"
- "⋅⋅⋅Note that this line is separate, but within the same paragraph.⋅⋅\n⋅⋅⋅(This is contrary to the typical GFM line break behaviour, where trailing spaces are not required.)\n\n* Unordered list can use asterisks\n- Or minuses\n+ Or pluses"
- "+ Or pluses\n\n1. Make my changes\n    1. Fix bug\n    2. Improve formatting\n        - Make the headings bigger\n2. Push my commits to GitHub\n3. Open a pull request\n    * Describe my changes\n    * Mention all the members of my team\n        * Ask for feedback"
- "+ Create a list by starting a line with `+`, `-`, or `*`"
- "+ Sub-lists are made by indenting 2 spaces:\n  - Marker character change forces new list start:\n    * Ac tristique libero volutpat at\n    + Facilisis in pretium nisl aliquet\n    - Nulla volutpat aliquam velit\n+ Very easy!\n\n------"
- "# Task lists"
- "```"
- "- [x] Finish my changes\n- [ ] Push my commits to GitHub\n- [ ] Open a pull request\n- [x] @mentions, #refs, [links](), **formatting**, and <del>tags</del> supported\n- [x] list syntax required (any unordered or ordered list supported)"
- "- [x] list syntax required (any unordered or ordered list supported)\n- [x] this is a complete item\n- [ ] this is an incomplete item\n```\n\n- [x] Finish my changes\n- [ ] Push my commits to GitHub\n- [ ] Open a pull request"
- "- [x] Finish my changes\n- [ ] Push my commits to GitHub\n- [ ] Open a pull request\n- [x] @mentions, #refs, [links](), **formatting**, and <del>tags</del> supported\n- [x] list syntax required (any unordered or ordered list supported)"
- "- [x] list syntax required (any unordered or ordered list supported)\n- [ ] this is a complete item\n- [ ] this is an incomplete item\n\n------"
- "# Ignoring Markdown formatting\n\nYou can tell GitHub to ignore (or escape) Markdown formatting by using \\ before the Markdown character.\n\n```\nLet's rename \\*our-new-project\\* to \\*our-old-project\\*.\n```"
- "```\nLet's rename \\*our-new-project\\* to \\*our-old-project\\*.\n```\n\nLet's rename \\*our-new-project\\* to \\*our-old-project\\*.\n\n------"
- "# Links"
- "```"
- "[I'm an inline-style link](https://www.google.com)\n\n[I'm an inline-style link with title](https://www.google.com \"Google's Homepage\")\n\n[I'm a reference-style link][Arbitrary case-insensitive reference text]"
- "[I'm a reference-style link][Arbitrary case-insensitive reference text]\n\n[I'm a relative reference to a repository file](../blob/master/LICENSE)\n\n[You can use numbers for reference-style link definitions][1]"
- "[You can use numbers for reference-style link definitions][1]\n\nOr leave it empty and use the [link text itself].\n\nURLs and URLs in angle brackets will automatically get turned into links.\nhttp://www.example.com or <http://www.example.com> and sometimes"
- "http://www.example.com or <http://www.example.com> and sometimes\nexample.com (but not on Github, for example).\n\nSome text to show that the reference links can follow later.\n\n[arbitrary case-insensitive reference text]: https://www.mozilla.org"
- "[arbitrary case-insensitive reference text]: https://www.mozilla.org\n[1]: http://slashdot.org\n[link text itself]: http://www.reddit.com\n```\n\n[I'm an inline-style link](https://www.google.com)"
- "[I'm an inline-style link](https://www.google.com)\n\n[I'm an inline-style link with title](https://www.google.com \"Google's Homepage\")\n\n[I'm a reference-style link][Arbitrary case-insensitive reference text]"
- "[I'm a reference-style link][Arbitrary case-insensitive reference text]\n\n[I'm a relative reference to a repository file](../blob/master/LICENSE)\n\n[You can use numbers for reference-style link definitions][1]"
- "[You can use numbers for reference-style link definitions][1]\n\nOr leave it empty and use the [link text itself]."
- "Or leave it empty and use the [link text itself].\n\nURLs and URLs in angle brackets will automatically get turned into links.\nhttp://www.example.com or <http://www.example.com> and sometimes\nexample.com (but not on Github, for example)."
- "Some text to show that the reference links can follow later.\n\n[arbitrary case-insensitive reference text]: https://www.mozilla.org\n[1]: http://slashdot.org\n[link text itself]: http://www.reddit.com\n\n------"
- "# Images"
- "```"
- "Here's our logo (hover to see the title text):\n\nInline-style:\n![alt text](https://github.com/adam-p/markdown-here/raw/master/src/common/images/icon48.png \"Logo Title Text 1\")\n\nReference-style:\n![alt text][logo]"
- "Reference-style:\n![alt text][logo]\n\n[logo]: https://github.com/adam-p/markdown-here/raw/master/src/common/images/icon48.png \"Logo Title Text 2\"\n\n![Minion](https://octodex.github.com/images/minion.png)\n!["
- "![Minion](https://octodex.github.com/images/minion.png)\n![Stormtroopocat](https://octodex.github.com/images/stormtroopocat.jpg \"The Stormtroopocat\")\n\nLike links, Images also have a footnote style syntax\n\n![Alt text][id]"
- "Like links, Images also have a footnote style syntax\n\n![Alt text][id]\n\nWith a reference later in the document defining the URL location:\n\n[id]: https://octodex.github.com/images/dojocat.jpg  \"The Dojocat\"\n```\n\nHere's our logo (hover to see the title text):"
- "Here's our logo (hover to see the title text):\n\nInline-style:\n![alt text](https://github.com/adam-p/markdown-here/raw/master/src/common/images/icon48.png \"Logo Title Text 1\")\n\nReference-style:\n![alt text][logo]"
- "Reference-style:\n![alt text][logo]\n\n[logo]: https://github.com/adam-p/markdown-here/raw/master/src/common/images/icon48.png \"Logo Title Text 2\""
- "![Minion](https://octodex.github.com/images/minion.png)\n![Stormtroopocat](https://octodex.github.com/images/stormtroopocat.jpg \"The Stormtroopocat\")\n\nLike links, Images also have a footnote style syntax\n\n![Alt text][id]"
- "Like links, Images also have a footnote style syntax\n\n![Alt text][id]\n\nWith a reference later in the document defining the URL location:\n\n[id]: https://octodex.github.com/images/dojocat.jpg  \"The Dojocat\"\n\n------"
- "# [Footnotes](https://github.com/markdown-it/markdown-it-footnote)"
- "```\nFootnote 1 link[^first].\n\nFootnote 2 link[^second].\n\nInline footnote^[Text of inline footnote] definition.\n\nDuplicated footnote reference[^second].\n\n[^first]: Footnote **can have markup**\n\n    and multiple paragraphs.\n\n[^second]: Footnote text.\n```"
- "Footnote 1 link[^first].\n\nFootnote 2 link[^second].\n\nInline footnote^[Text of inline footnote] definition.\n\nDuplicated footnote reference[^second].\n\n[^first]: Footnote **can have markup**\n\n    and multiple paragraphs.\n\n[^second]: Footnote text.\n\n------"
- "# Code and Syntax Highlighting\n\n```\nInline `code` has `back-ticks around` it.\n```\n\nInline `code` has `back-ticks around` it."
- "```c#"
- "using System.IO.Compression;\n\n#pragma warning disable 414, 3021\n\nnamespace MyApplication\n{\n    [Obsolete(\"...\")]\n    class Program : IInterface\n    {\n        public static List<int> JustDoIt(int count)\n        {"
- "{\n    [Obsolete(\"...\")]\n    class Program : IInterface\n    {\n        public static List<int> JustDoIt(int count)\n        {\n            Console.WriteLine($\"Hello {Name}!\");\n            return new List<int>(new int[] { 1, 2, 3 })\n        }\n    }\n}\n```"
- "```css"
- "@font-face {\n  font-family: Chunkfive; src: url('Chunkfive.otf');\n}\n\nbody, .usertext {\n  color: #F0F0F0; background: #600;\n  font-family: Chunkfive, sans;\n}\n\n@import url(print.css);\n@media print {\n  a[href^=http]::after {\n    content: attr(href)\n  }\n}\n```"
- "```javascript"
- "function $initHighlight(block, cls) {\n  try {\n    if (cls.search(/\\bno\\-highlight\\b/) != -1)\n      return process(block, true, 0x0F) +\n             ` class=\"${cls}\"`;\n  } catch (e) {\n    /* handle exception */\n  }"
- "= -1)\n      return process(block, true, 0x0F) +\n             ` class=\"${cls}\"`;\n  } catch (e) {\n    /* handle exception */\n  }\n  for (var i = 0 / 2; i < classes.length; i++) {\n    if (checkCondition(classes[i]) === undefined)"
- "  }\n  for (var i = 0 / 2; i < classes.length; i++) {\n    if (checkCondition(classes[i]) === undefined)\n      console.log('undefined');\n  }\n}\n\nexport  $initHighlight;\n```"
- "```php"
- "require_once 'Zend/Uri/Http.php';\n\nnamespace Location\\Web;\n\ninterface Factory\n{\n    static function _factory();\n}\n\nabstract class URI extends BaseURI implements Factory\n{\n    abstract function test();\n\n    public static $st1 = 1;\n    const ME = \"Yo\";"
- "{\n    abstract function test();\n\n    public static $st1 = 1;\n    const ME = \"Yo\";\n    var $list = NULL;\n    private $var;\n\n    /**\n     * Returns a URI\n     *\n     * @return URI\n     */\n    static public function _factory($stats = array(), $uri = 'http')"
- "     * Returns a URI\n     *\n     * @return URI\n     */\n    static public function _factory($stats = array(), $uri = 'http')\n    {\n        echo __METHOD__;\n        $uri = explode(':', $uri, 0b10);\n        $schemeSpecific = isset($uri[1]) ? $uri[1] : '';"
- "    {\n        echo __METHOD__;\n        $uri = explode(':', $uri, 0b10);\n        $schemeSpecific = isset($uri[1]) ? $uri[1] : '';\n        $desc = 'Multi\nline description';\n\n        // Security check\n        if (!ctype_alnum($scheme)) {"
- "$uri[1] : '';\n        $desc = 'Multi\nline description';\n\n        // Security check\n        if (!ctype_alnum($scheme)) {\n            throw new Zend_Uri_Exception('Illegal scheme');\n        }\n\n        $this->var = 0 - self::$st;"
- "            throw new Zend_Uri_Exception('Illegal scheme');\n        }\n\n        $this->var = 0 - self::$st;\n        $this->list = list(Array(\"1\"=> 2, 2=>self::ME, 3 => \\Location\\Web\\URI::class));\n\n        return [\n            'uri'   => $uri,"
- "        return [\n            'uri'   => $uri,\n            'value' => null,\n        ];\n    }\n}\n\necho URI::ME . URI::$st1;\n\n__halt_compiler () ; datahere\ndatahere\ndatahere */\ndatahere\n```\n\n------"
- "# Tables"
- "```"
- "Colons can be used to align columns.\n\n| Tables        | Are           | Cool  |\n| ------------- |:-------------:| -----:|\n| col 3 is      | right-aligned | $1600 |\n| col 2 is      | centered      |   $12 |\n| zebra stripes | are neat      |    $1 |"
- "| col 3 is      | right-aligned | $1600 |\n| col 2 is      | centered      |   $12 |\n| zebra stripes | are neat      |    $1 |\n\nThere must be at least 3 dashes separating each header cell.\nThe outer pipes (|) are optional, and you don't need to make the"
- "There must be at least 3 dashes separating each header cell.\nThe outer pipes (|) are optional, and you don't need to make the\nraw Markdown line up prettily. You can also use inline Markdown.\n\nMarkdown | Less | Pretty\n--- | --- | ---"
- "raw Markdown line up prettily. You can also use inline Markdown.\n\nMarkdown | Less | Pretty\n--- | --- | ---\n*Still* | `renders` | **nicely**\n1 | 2 | 3\n\n| First Header  | Second Header |\n| ------------- | ------------- |\n| Content Cell  | Content Cell  |"
- "1 | 2 | 3\n\n| First Header  | Second Header |\n| ------------- | ------------- |\n| Content Cell  | Content Cell  |\n| Content Cell  | Content Cell  |\n\n| Command | Description |\n| --- | --- |\n| git status | List all new or modified files |"
- "| Content Cell  | Content Cell  |\n\n| Command | Description |\n| --- | --- |\n| git status | List all new or modified files |\n| git diff | Show file differences that haven't been staged |\n\n| Command | Description |\n| --- | --- |"
- "| git diff | Show file differences that haven't been staged |\n\n| Command | Description |\n| --- | --- |\n| `git status` | List all *new or modified* files |\n| `git diff` | Show file differences that **haven't been** staged |"
- "| `git status` | List all *new or modified* files |\n| `git diff` | Show file differences that **haven't been** staged |\n\n| Left-aligned | Center-aligned | Right-aligned |\n| :---         |     :---:      |          ---: |"
- "| Left-aligned | Center-aligned | Right-aligned |\n| :---         |     :---:      |          ---: |\n| git status   | git status     | git status    |\n| git diff     | git diff       | git diff      |\n\n| Name     | Character |\n| ---      | ---       |"
- "| git diff     | git diff       | git diff      |\n\n| Name     | Character |\n| ---      | ---       |\n| Backtick | `         |\n| Pipe     | \\|        |\n```\n\nColons can be used to align columns."
- "Colons can be used to align columns.\n\n| Tables        | Are           | Cool  |\n| ------------- |:-------------:| -----:|\n| col 3 is      | right-aligned | $1600 |\n| col 2 is      | centered      |   $12 |\n| zebra stripes | are neat      |    $1 |"
- "There must be at least 3 dashes separating each header cell.\nThe outer pipes (|) are optional, and you don't need to make the\nraw Markdown line up prettily. You can also use inline Markdown."
- "Markdown | Less | Pretty\n--- | --- | ---\n*Still* | `renders` | **nicely**\n1 | 2 | 3\n\n| First Header  | Second Header |\n| ------------- | ------------- |\n| Content Cell  | Content Cell  |\n| Content Cell  | Content Cell  |"
- "| Command | Description |\n| --- | --- |\n| git status | List all new or modified files |\n| git diff | Show file differences that haven't been staged |"
- "| git diff | Show file differences that haven't been staged |\n\n| Command | Description |\n| --- | --- |\n| `git status` | List all *new or modified* files |\n| `git diff` | Show file differences that **haven't been** staged |"
- "| Left-aligned | Center-aligned | Right-aligned |\n| :---         |     :---:      |          ---: |\n| git status   | git status     | git status    |\n| git diff     | git diff       | git diff      |"
- "| git status   | git status     | git status    |\n| git diff     | git diff       | git diff      |\n\n| Name     | Character |\n| ---      | ---       |\n| Backtick | `         |\n| Pipe     | \\|        |\n\n------"
- "# Blockquotes"
- "```"
- "> Blockquotes are very handy in email to emulate reply text.\n> This line is part of the same quote.\n\nQuote break.\n\n> This is a very long line that will still be quoted properly when it wraps."
- "Quote break.\n\n> This is a very long line that will still be quoted properly when it wraps. Oh boy let's keep writing to make sure this is long enough to actually wrap for everyone. Oh, you can *put* **Markdown** into a blockquote."
- "Oh, you can *put* **Markdown** into a blockquote.\n\n> Blockquotes can also be nested...\n>> ...by using additional greater-than signs right next to each other...\n> > > ...or with spaces between arrows.\n```"
- "> Blockquotes are very handy in email to emulate reply text.\n> This line is part of the same quote.\n\nQuote break."
- "Quote break.\n\n> This is a very long line that will still be quoted properly when it wraps. Oh boy let's keep writing to make sure this is long enough to actually wrap for everyone. Oh, you can *put* **Markdown** into a blockquote."
- "> Blockquotes can also be nested...\n>> ...by using additional greater-than signs right next to each other...\n> > > ...or with spaces between arrows.\n\n------"
- "# Inline HTML\n\n```\n<dl>\n  <dt>Definition list</dt>\n  <dd>Is something people use sometimes.</dd>\n\n  <dt>Markdown in HTML</dt>\n  <dd>Does *not* work **very** well. Use HTML <em>tags</em>.</dd>\n</dl>\n```"
- "<dl>\n  <dt>Definition list</dt>\n  <dd>Is something people use sometimes.</dd>\n\n  <dt>Markdown in HTML</dt>\n  <dd>Does *not* work **very** well. Use HTML <em>tags</em>.</dd>\n</dl>\n\n------"
- "# Horizontal Rules\n\n```\nThree or more...\n\n---\n\nHyphens\n\n***\n\nAsterisks\n\n___\n\nUnderscores\n```\n\nThree or more...\n\n---\n\nHyphens\n\n***\n\nAsterisks\n\n___\n\nUnderscores\n\n------"
- "# YouTube Videos"
- "```\n<a href=\"http://www.youtube.com/watch?feature=player_embedded&v=YOUTUBE_VIDEO_ID_HERE\" target=\"_blank\">\n<img src=\"http://img.youtube.com/vi/YOUTUBE_VIDEO_ID_HERE/0.jpg\" alt=\"IMAGE ALT TEXT HERE\" width=\"240\" height=\"180\" border=\"10\">\n</a>\n```"
- "<a href=\"http://www.youtube.com/watch?feature=player_embedded&v=YOUTUBE_VIDEO_ID_HERE\" target=\"_blank\">\n<img src=\"http://img.youtube.com/vi/YOUTUBE_VIDEO_ID_HERE/0.jpg\" alt=\"IMAGE ALT TEXT HERE\" width=\"240\" height=\"180\" border=\"10\">\n</a>"
- "</a>\n\n```\n[![IMAGE ALT TEXT HERE](http://img.youtube.com/vi/YOUTUBE_VIDEO_ID_HERE/0.jpg)](http://www.youtube.com/watch?v=YOUTUBE_VIDEO_ID_HERE)\n```"
- "[![IMAGE ALT TEXT HERE](https://upload.wikimedia.org/wikipedia/commons/thumb/e/ef/YouTube_logo_2015.svg/1200px-YouTube_logo_2015.svg.png)](https://www.youtube.com/watch?v=ciawICBvQoE)"
